[backblue.gif]
[fade.gif]
[index.html]
[jubilant-members-948332.framer.app/index.html]
[framerusercontent.com/images/fImZBugcTRgjSZBlKkJGrOJ1980.png]
[jubilant-members-948332.framer.app/works.html]
[jubilant-members-948332.framer.app/about.html]
[jubilant-members-948332.framer.app/articles.html]
[jubilant-members-948332.framer.app/contact.html]
[framerusercontent.com/images/EtPJ6wT1rel9R2bJF5ybsiqk.png]
[framerusercontent.com/images/tPbZP1J1TQo6DIAhocp16k92LJkbf23.png]
[framerusercontent.com/images/6rckG35vPCZzq5iSoBnKfxlhWck.png]
[jubilant-members-948332.framer.app/works/concrete.html]
[framerusercontent.com/images/q4YrJGjTzobJuuEqtx9sH93Iyc.html]
[jubilant-members-948332.framer.app/works/bruce.html]
[framerusercontent.com/images/Lz1b6QzYwtI4alfnMnEYe6Bnxww.html]
[jubilant-members-948332.framer.app/works/leo.html]
[framerusercontent.com/images/2hugZy1MMxMnDp2ZaxXGuv844.html]
[jubilant-members-948332.framer.app/works/vitrine.html]
[framerusercontent.com/images/inbpc0bNmoxs7jnivRAGmRy7g.html]
[jubilant-members-948332.framer.app/works/john.html]
[framerusercontent.com/images/Oxgcp8OOtin4v3JPgAAqUtgsYQM.html]
[jubilant-members-948332.framer.app/works/frame-studio.html]
[framerusercontent.com/images/z6LtXF9DTCV0yFWMLz0dNVm8E.html]
[jubilant-members-948332.framer.app/articles/the-intersection-of-creativity-and-technology-in-design.html]
[jubilant-members-948332.framer.app/articles/my-journey-of-a-digital-designer-from-nyc-to-the-world.html]
[jubilant-members-948332.framer.app/articles/10-key-elements-of-successful-brand-design.html]
[jubilant-members-948332.framer.app/articles/how-to-elevate-your-startup-with-strategic-design.html]
[jubilant-members-948332.framer.app/articles/the-role-of-ux-ui-in-modern-digital-design.html]
[jubilant-members-948332.framer.app/articles/case-study-transforming-a-brand-s-digital-presence.html]
[jubilant-members-948332.framer.app/articles/future-trends-in-digital-design.html]
[framerusercontent.com/images/wBf8VdKR4vyl9jTmp8gaqkLc.html]
[framerusercontent.com/images/5dqrHNkWmuUDdGLzMreWmp3PdXE.html]
[framerusercontent.com/images/jOkZGLQSmsAgMRzWyDjmg0Ccl0.html]
[framerusercontent.com/images/bwjj31rslvdgLpCQmfKFBOwFUMw.html]
[framerusercontent.com/images/Gs8vPcWyTxIr9qDsJlHPdJTxTQ.html]
[framerusercontent.com/images/0o44wjABey0Y0MQWpWb9WIHxjU.html]
[framerusercontent.com/images/6c1osa1T4bagtP2D58KPcchf3pY.html]
[framerusercontent.com/images/xyrq0Gc88mpCTHxm4tYlIf0FMrg.html]
[framerusercontent.com/images/M18cILX3awBuSsWaGrJ1L3mG0dE.html]
[framerusercontent.com/images/RsIptrhxJKEA4XDro6lD3fa9yM.html]
[framerusercontent.com/images/naI8lN4ByMkteL8ZAaqReFsz4.html]
[framerusercontent.com/images/ecJHRnhvSeZTHrsQUcXEK7fKEKA.html]
[framerusercontent.com/images/vH3EMeg4CYJLcYajHFNSPDNJm3E.html]
[framerusercontent.com/images/GrB2XhB9BC4aL73NaAM9sH3BaD0.html]
[framerusercontent.com/images/KSJlRpphBXSg3IuYAMmcGu6VE.html]
[framerusercontent.com/images/XfPO4SiVVOLe8nmcMHoPA1jVU.html]
[framerusercontent.com/images/kV71CXzBHfDEwNUyloC1GHrPE.html]
[framerusercontent.com/images/Y7kixmBF2yiMVxaIClZNjSuYBI.html]
[framerusercontent.com/images/4TTGuiCKXJ48GtsRNQ9J8AvUw8.html]
[framerusercontent.com/images/w08nmI9Qvw3H841m5vyeSGdoYiE.html]
[framerusercontent.com/images/IVrm4KnZuyo2UNXGgmbAlGJcc.html]
[framerusercontent.com/images/EkBKCI3onCcPhHwhrjb1u492k.html]
[framerusercontent.com/images/MPt9MWH4tRgegg6tpaGR5yaVc.html]
[framerusercontent.com/images/LBnGTBhL980eqKoT7fL8HPc8o.html]
[framerusercontent.com/images/KgyNTaD1qbATuXF9JQRlrSjCeRI.html]
[framerusercontent.com/images/25nkFLEyiiEEdEnw65eRcNALO8.html]
